============================= test session starts =============================
platform win32 -- Python 3.13.5, pytest-8.2.0, pluggy-1.6.0 -- c:\Users\ProUser\Downloads\financial_agent\venv\Scripts\python.exe
cachedir: .pytest_cache
rootdir: C:\Users\ProUser\Downloads\financial_agent
plugins: anyio-4.12.1, asyncio-0.23.7
asyncio: mode=Mode.STRICT
collecting ... collected 49 items

tests/test_financial_agent.py::TestComputeSentiment::test_all_bullish PASSED [  2%]
tests/test_financial_agent.py::TestComputeSentiment::test_all_bearish PASSED [  4%]
tests/test_financial_agent.py::TestComputeSentiment::test_empty_returns_zero PASSED [  6%]
tests/test_financial_agent.py::TestComputeSentiment::test_high_impact_weighted_more PASSED [  8%]
tests/test_financial_agent.py::TestComputeSentiment::test_score_bounded PASSED [ 10%]
tests/test_financial_agent.py::TestFilterNews::test_filter_by_category PASSED [ 12%]
tests/test_financial_agent.py::TestFilterNews::test_filter_by_sentiment PASSED [ 14%]
tests/test_financial_agent.py::TestFilterNews::test_filter_combined PASSED [ 16%]
tests/test_financial_agent.py::TestFilterNews::test_no_filter_returns_all PASSED [ 18%]
tests/test_financial_agent.py::TestFilterNews::test_empty_category_list_returns_nothing FAILED [ 20%]
tests/test_financial_agent.py::TestFilterNews::test_unknown_category_returns_nothing PASSED [ 22%]
tests/test_financial_agent.py::TestGetRangeNews::test_within_range FAILED [ 24%]
tests/test_financial_agent.py::TestGetRangeNews::test_boundary_inclusive PASSED [ 26%]
tests/test_financial_agent.py::TestGetRangeNews::test_no_news_in_range PASSED [ 28%]
tests/test_financial_agent.py::TestGetRangeNews::test_full_range_returns_all PASSED [ 30%]
tests/test_financial_agent.py::TestClassifyCategory::test_earnings_category PASSED [ 32%]
tests/test_financial_agent.py::TestClassifyCategory::test_product_category PASSED [ 34%]
tests/test_financial_agent.py::TestClassifyCategory::test_policy_category PASSED [ 36%]
tests/test_financial_agent.py::TestClassifyCategory::test_default_to_market PASSED [ 38%]
tests/test_financial_agent.py::TestScoreSentiment::test_bullish_text PASSED [ 40%]
tests/test_financial_agent.py::TestScoreSentiment::test_bearish_text PASSED [ 42%]
tests/test_financial_agent.py::TestScoreSentiment::test_neutral_text PASSED [ 44%]
tests/test_financial_agent.py::TestExecuteToolAnalyzeRange::test_returns_valid_json PASSED [ 46%]
tests/test_financial_agent.py::TestExecuteToolAnalyzeRange::test_empty_date_range PASSED [ 48%]
tests/test_financial_agent.py::TestExecuteToolAnalyzeRange::test_price_change_is_correct PASSED [ 51%]
tests/test_financial_agent.py::TestExecuteToolForecast::test_probabilities_sum_to_100 PASSED [ 53%]
tests/test_financial_agent.py::TestExecuteToolForecast::test_probabilities_in_valid_range PASSED [ 55%]
tests/test_financial_agent.py::TestExecuteToolForecast::test_verdict_matches_probability PASSED [ 57%]
tests/test_financial_agent.py::TestExecuteToolSimilarPeriods::test_returns_results PASSED [ 59%]
tests/test_financial_agent.py::TestExecuteToolCategorySummary::test_earnings_summary PASSED [ 61%]
tests/test_financial_agent.py::TestExecuteToolCategorySummary::test_missing_category PASSED [ 63%]
tests/test_financial_agent.py::TestFinancialAgentIntegration::test_agent_responds_without_tool FAILED [ 65%]
tests/test_financial_agent.py::TestFinancialAgentIntegration::test_agent_executes_tool_then_responds FAILED [ 67%]
tests/test_financial_agent.py::TestFinancialAgentIntegration::test_conversation_history_grows FAILED [ 69%]
tests/test_financial_agent.py::TestFinancialAgentIntegration::test_reset_clears_history FAILED [ 71%]
tests/test_financial_agent.py::TestFinancialAgentIntegration::test_no_stock_data_returns_message FAILED [ 73%]
tests/test_financial_agent.py::TestEdgeCases::test_single_day_price_data PASSED [ 75%]
tests/test_financial_agent.py::TestEdgeCases::test_news_with_extreme_scores PASSED [ 77%]
tests/test_financial_agent.py::TestEdgeCases::test_filter_returns_empty_list_not_none PASSED [ 79%]
tests/test_financial_agent.py::TestEdgeCases::test_classify_category_for_unknown_text PASSED [ 81%]
tests/test_financial_agent.py::TestEdgeCases::test_tool_unknown_name_returns_error PASSED [ 83%]
tests/test_financial_agent.py::TestQualityAssurance::test_news_events_have_valid_sentiment_values PASSED [ 85%]
tests/test_financial_agent.py::TestQualityAssurance::test_news_events_have_valid_categories PASSED [ 87%]
tests/test_financial_agent.py::TestQualityAssurance::test_news_dates_are_valid_format PASSED [ 89%]
tests/test_financial_agent.py::TestQualityAssurance::test_sentiment_scores_within_bounds PASSED [ 91%]
tests/test_financial_agent.py::TestQualityAssurance::test_sentiment_score_sign_matches_sentiment_label PASSED [ 93%]
tests/test_financial_agent.py::TestQualityAssurance::test_stock_data_current_price_positive PASSED [ 95%]
tests/test_financial_agent.py::TestQualityAssurance::test_agent_system_prompt_not_empty FAILED [ 97%]
tests/test_financial_agent.py::TestQualityAssurance::test_tools_schema_has_required_fields PASSED [100%]

================================== FAILURES ===================================
___________ TestFilterNews.test_empty_category_list_returns_nothing ___________

self = <test_financial_agent.TestFilterNews object at 0x00000161AD48C950>
sample_news = [NewsEvent(date='2024-01-03', title='Apple Q2 earnings beat by 8%', source='Reuters', category='earnings', sentiment='...', source='Reuters', category='earnings', sentiment='bullish', sentiment_score=0.8, impact='high', url='', summary='')]

    def test_empty_category_list_returns_nothing(self, sample_news):
        result = filter_news(sample_news, categories=[])
>       assert len(result) == 0
E       AssertionError: assert 6 == 0
E        +  where 6 = len([NewsEvent(date='2024-01-03', title='Apple Q2 earnings beat by 8%', source='Reuters', category='earnings', sentiment='bullish', sentiment_score=0.75, impact='high', url='', summary=''), NewsEvent(date='2024-01-05', title='China iPhone sales drop 19%', source='FT', category='policy', sentiment='bearish', sentiment_score=-0.7, impact='high', url='', summary=''), NewsEvent(date='2024-01-09', title='Fed holds rates steady', source='WSJ', category='market', sentiment='bullish', sentiment_score=0.45, impact='medium', url='', summary=''), NewsEvent(date='2024-01-12', title='Tim Cook hints at AI features', source='CNBC', category='product', sentiment='bullish', sentiment_score=0.65, impact='medium', url='', summary=''), NewsEvent(date='2024-01-17', title='DOJ probe expanded to App Store', source='NYT', category='policy', sentiment='bearish', sentiment_score=-0.65, impact='high', url='', summary=''), NewsEvent(date='2024-01-19', title='Services revenue hits record $24B', source='Reuters', category='earnings', sentiment='bullish', sentiment_score=0.8, impact='high', url='', summary='')])

tests\test_financial_agent.py:128: AssertionError
_____________________ TestGetRangeNews.test_within_range ______________________

self = <test_financial_agent.TestGetRangeNews object at 0x00000161AD3C2350>
sample_news = [NewsEvent(date='2024-01-03', title='Apple Q2 earnings beat by 8%', source='Reuters', category='earnings', sentiment='...', source='Reuters', category='earnings', sentiment='bullish', sentiment_score=0.8, impact='high', url='', summary='')]

    def test_within_range(self, sample_news):
        result = get_range_news(sample_news, "2024-01-03", "2024-01-10")
        assert all("2024-01-03" <= n.date <= "2024-01-10" for n in result)
>       assert len(result) == 2
E       AssertionError: assert 3 == 2
E        +  where 3 = len([NewsEvent(date='2024-01-03', title='Apple Q2 earnings beat by 8%', source='Reuters', category='earnings', sentiment='bullish', sentiment_score=0.75, impact='high', url='', summary=''), NewsEvent(date='2024-01-05', title='China iPhone sales drop 19%', source='FT', category='policy', sentiment='bearish', sentiment_score=-0.7, impact='high', url='', summary=''), NewsEvent(date='2024-01-09', title='Fed holds rates steady', source='WSJ', category='market', sentiment='bullish', sentiment_score=0.45, impact='medium', url='', summary='')])

tests\test_financial_agent.py:139: AssertionError
_______ TestFinancialAgentIntegration.test_agent_responds_without_tool ________

self = <test_financial_agent.TestFinancialAgentIntegration object at 0x00000161AD3C3250>
mock_save = <MagicMock name='save_message' id='1519029791984'>
mock_load = <MagicMock name='load_chat_history' id='1519029789968'>
sample_stock_data = StockData(ticker='AAPL', prices=                  Open        High         Low       Close    Volume
2024-01-01  179.9...ish', sentiment_score=0.8, impact='high', url='', summary='')], current_price=176.57402877116343, price_change_pct=1.5)

    @patch("agents.financial_agent.load_chat_history", return_value=[])
    @patch("agents.financial_agent.save_message")
    def test_agent_responds_without_tool(self, mock_save, mock_load, sample_stock_data):
>       agent = FinancialAgent(api_key="test-key", session_id="test-session-123")

tests\test_financial_agent.py:344: 
_ _ _ _ _ _ _ _ _ _ _ _ _ _ _ _ _ _ _ _ _ _ _ _ _ _ _ _ _ _ _ _ _ _ _ _ _ _ _ _

self = <agents.financial_agent.FinancialAgent object at 0x00000161AD3B2E40>
api_key = 'test-key', session_id = 'test-session-123'
model = 'llama-3.3-70b-versatile'

    def __init__(self, api_key: str, session_id: str, model: str = "llama-3.3-70b-versatile"):
>       self.client     = Groq(api_key=api_key)

agents\financial_agent.py:197: 
_ _ _ _ _ _ _ _ _ _ _ _ _ _ _ _ _ _ _ _ _ _ _ _ _ _ _ _ _ _ _ _ _ _ _ _ _ _ _ _

self = <groq.Groq object at 0x00000161AD3B3380>

    def __init__(
        self,
        *,
        api_key: str | None = None,
        base_url: str | httpx.URL | None = None,
        timeout: Union[float, Timeout, None, NotGiven] = NOT_GIVEN,
        max_retries: int = DEFAULT_MAX_RETRIES,
        default_headers: Mapping[str, str] | None = None,
        default_query: Mapping[str, object] | None = None,
        # Configure a custom httpx client.
        # We provide a `DefaultHttpxClient` class that you can pass to retain the default values we use for `limits`, `timeout` & `follow_redirects`.
        # See the [httpx documentation](https://www.python-httpx.org/api/#client) for more details.
        http_client: httpx.Client | None = None,
        # Enable or disable schema validation for data returned by the API.
        # When enabled an error APIResponseValidationError is raised
        # if the API responds with invalid data for the expected schema.
        #
        # This parameter may be removed or changed in the future.
        # If you rely on this feature, please open a GitHub issue
        # outlining your use-case to help us decide if it should be
        # part of our public interface in the future.
        _strict_response_validation: bool = False,
    ) -> None:
        """Construct a new synchronous groq client instance.
    
        This automatically infers the `api_key` argument from the `GROQ_API_KEY` environment variable if it is not provided.
        """
        if api_key is None:
            api_key = os.environ.get("GROQ_API_KEY")
        if api_key is None:
            raise GroqError(
                "The api_key client option must be set either by passing api_key to the client or by setting the GROQ_API_KEY environment variable"
            )
        self.api_key = api_key
    
        if base_url is None:
            base_url = os.environ.get("GROQ_BASE_URL")
        if base_url is None:
            base_url = f"https://api.groq.com"
    
>       super().__init__(
            version=__version__,
            base_url=base_url,
            max_retries=max_retries,
            timeout=timeout,
            http_client=http_client,
            custom_headers=default_headers,
            custom_query=default_query,
            _strict_response_validation=_strict_response_validation,
        )

venv\Lib\site-packages\groq\_client.py:99: 
_ _ _ _ _ _ _ _ _ _ _ _ _ _ _ _ _ _ _ _ _ _ _ _ _ _ _ _ _ _ _ _ _ _ _ _ _ _ _ _

self = <groq.Groq object at 0x00000161AD3B3380>

    def __init__(
        self,
        *,
        version: str,
        base_url: str | URL,
        max_retries: int = DEFAULT_MAX_RETRIES,
        timeout: float | Timeout | None | NotGiven = NOT_GIVEN,
        transport: Transport | None = None,
        proxies: ProxiesTypes | None = None,
        limits: Limits | None = None,
        http_client: httpx.Client | None = None,
        custom_headers: Mapping[str, str] | None = None,
        custom_query: Mapping[str, object] | None = None,
        _strict_response_validation: bool,
    ) -> None:
        if limits is not None:
            warnings.warn(
                "The `connection_pool_limits` argument is deprecated. The `http_client` argument should be passed instead",
                category=DeprecationWarning,
                stacklevel=3,
            )
            if http_client is not None:
                raise ValueError("The `http_client` argument is mutually exclusive with `connection_pool_limits`")
        else:
            limits = DEFAULT_CONNECTION_LIMITS
    
        if transport is not None:
            warnings.warn(
                "The `transport` argument is deprecated. The `http_client` argument should be passed instead",
                category=DeprecationWarning,
                stacklevel=3,
            )
            if http_client is not None:
                raise ValueError("The `http_client` argument is mutually exclusive with `transport`")
    
        if proxies is not None:
            warnings.warn(
                "The `proxies` argument is deprecated. The `http_client` argument should be passed instead",
                category=DeprecationWarning,
                stacklevel=3,
            )
            if http_client is not None:
                raise ValueError("The `http_client` argument is mutually exclusive with `proxies`")
    
        if not is_given(timeout):
            # if the user passed in a custom http client with a non-default
            # timeout set then we use that timeout.
            #
            # note: there is an edge case here where the user passes in a client
            # where they've explicitly set the timeout to match the default timeout
            # as this check is structural, meaning that we'll think they didn't
            # pass in a timeout and will ignore it
            if http_client and http_client.timeout != HTTPX_DEFAULT_TIMEOUT:
                timeout = http_client.timeout
            else:
                timeout = DEFAULT_TIMEOUT
    
        if http_client is not None and not isinstance(http_client, httpx.Client):  # pyright: ignore[reportUnnecessaryIsInstance]
            raise TypeError(
                f"Invalid `http_client` argument; Expected an instance of `httpx.Client` but got {type(http_client)}"
            )
    
        super().__init__(
            version=version,
            limits=limits,
            # cast to a valid type because mypy doesn't understand our type narrowing
            timeout=cast(Timeout, timeout),
            proxies=proxies,
            base_url=base_url,
            transport=transport,
            max_retries=max_retries,
            custom_query=custom_query,
            custom_headers=custom_headers,
            _strict_response_validation=_strict_response_validation,
        )
>       self._client = http_client or SyncHttpxClientWrapper(
            base_url=base_url,
            # cast to a valid type because mypy doesn't understand our type narrowing
            timeout=cast(Timeout, timeout),
            proxies=proxies,
            transport=transport,
            limits=limits,
            follow_redirects=True,
        )

venv\Lib\site-packages\groq\_base_client.py:824: 
_ _ _ _ _ _ _ _ _ _ _ _ _ _ _ _ _ _ _ _ _ _ _ _ _ _ _ _ _ _ _ _ _ _ _ _ _ _ _ _

self = <groq._base_client.SyncHttpxClientWrapper object at 0x00000161AD3B3620>
kwargs = {'base_url': 'https://api.groq.com', 'follow_redirects': True, 'limits': Limits(max_connections=100, max_keepalive_connections=20, keepalive_expiry=5.0), 'proxies': None, ...}

    def __init__(self, **kwargs: Any) -> None:
        kwargs.setdefault("timeout", DEFAULT_TIMEOUT)
        kwargs.setdefault("limits", DEFAULT_CONNECTION_LIMITS)
        kwargs.setdefault("follow_redirects", True)
>       super().__init__(**kwargs)
E       TypeError: Client.__init__() got an unexpected keyword argument 'proxies'

venv\Lib\site-packages\groq\_base_client.py:722: TypeError
____ TestFinancialAgentIntegration.test_agent_executes_tool_then_responds _____

self = <test_financial_agent.TestFinancialAgentIntegration object at 0x00000161AD3C3390>
mock_save = <MagicMock name='save_message' id='1519029796352'>
mock_load = <MagicMock name='load_chat_history' id='1519029795344'>
sample_stock_data = StockData(ticker='AAPL', prices=                  Open        High         Low       Close    Volume
2024-01-01  179.9...ish', sentiment_score=0.8, impact='high', url='', summary='')], current_price=176.57402877116343, price_change_pct=1.5)

    @patch("agents.financial_agent.load_chat_history", return_value=[])
    @patch("agents.financial_agent.save_message")
    def test_agent_executes_tool_then_responds(self, mock_save, mock_load, sample_stock_data):
>       agent = FinancialAgent(api_key="test-key", session_id="test-session-123")

tests\test_financial_agent.py:357: 
_ _ _ _ _ _ _ _ _ _ _ _ _ _ _ _ _ _ _ _ _ _ _ _ _ _ _ _ _ _ _ _ _ _ _ _ _ _ _ _

self = <agents.financial_agent.FinancialAgent object at 0x00000161AD3C3C50>
api_key = 'test-key', session_id = 'test-session-123'
model = 'llama-3.3-70b-versatile'

    def __init__(self, api_key: str, session_id: str, model: str = "llama-3.3-70b-versatile"):
>       self.client     = Groq(api_key=api_key)

agents\financial_agent.py:197: 
_ _ _ _ _ _ _ _ _ _ _ _ _ _ _ _ _ _ _ _ _ _ _ _ _ _ _ _ _ _ _ _ _ _ _ _ _ _ _ _

self = <groq.Groq object at 0x00000161AD5F4A50>

    def __init__(
        self,
        *,
        api_key: str | None = None,
        base_url: str | httpx.URL | None = None,
        timeout: Union[float, Timeout, None, NotGiven] = NOT_GIVEN,
        max_retries: int = DEFAULT_MAX_RETRIES,
        default_headers: Mapping[str, str] | None = None,
        default_query: Mapping[str, object] | None = None,
        # Configure a custom httpx client.
        # We provide a `DefaultHttpxClient` class that you can pass to retain the default values we use for `limits`, `timeout` & `follow_redirects`.
        # See the [httpx documentation](https://www.python-httpx.org/api/#client) for more details.
        http_client: httpx.Client | None = None,
        # Enable or disable schema validation for data returned by the API.
        # When enabled an error APIResponseValidationError is raised
        # if the API responds with invalid data for the expected schema.
        #
        # This parameter may be removed or changed in the future.
        # If you rely on this feature, please open a GitHub issue
        # outlining your use-case to help us decide if it should be
        # part of our public interface in the future.
        _strict_response_validation: bool = False,
    ) -> None:
        """Construct a new synchronous groq client instance.
    
        This automatically infers the `api_key` argument from the `GROQ_API_KEY` environment variable if it is not provided.
        """
        if api_key is None:
            api_key = os.environ.get("GROQ_API_KEY")
        if api_key is None:
            raise GroqError(
                "The api_key client option must be set either by passing api_key to the client or by setting the GROQ_API_KEY environment variable"
            )
        self.api_key = api_key
    
        if base_url is None:
            base_url = os.environ.get("GROQ_BASE_URL")
        if base_url is None:
            base_url = f"https://api.groq.com"
    
>       super().__init__(
            version=__version__,
            base_url=base_url,
            max_retries=max_retries,
            timeout=timeout,
            http_client=http_client,
            custom_headers=default_headers,
            custom_query=default_query,
            _strict_response_validation=_strict_response_validation,
        )

venv\Lib\site-packages\groq\_client.py:99: 
_ _ _ _ _ _ _ _ _ _ _ _ _ _ _ _ _ _ _ _ _ _ _ _ _ _ _ _ _ _ _ _ _ _ _ _ _ _ _ _

self = <groq.Groq object at 0x00000161AD5F4A50>

    def __init__(
        self,
        *,
        version: str,
        base_url: str | URL,
        max_retries: int = DEFAULT_MAX_RETRIES,
        timeout: float | Timeout | None | NotGiven = NOT_GIVEN,
        transport: Transport | None = None,
        proxies: ProxiesTypes | None = None,
        limits: Limits | None = None,
        http_client: httpx.Client | None = None,
        custom_headers: Mapping[str, str] | None = None,
        custom_query: Mapping[str, object] | None = None,
        _strict_response_validation: bool,
    ) -> None:
        if limits is not None:
            warnings.warn(
                "The `connection_pool_limits` argument is deprecated. The `http_client` argument should be passed instead",
                category=DeprecationWarning,
                stacklevel=3,
            )
            if http_client is not None:
                raise ValueError("The `http_client` argument is mutually exclusive with `connection_pool_limits`")
        else:
            limits = DEFAULT_CONNECTION_LIMITS
    
        if transport is not None:
            warnings.warn(
                "The `transport` argument is deprecated. The `http_client` argument should be passed instead",
                category=DeprecationWarning,
                stacklevel=3,
            )
            if http_client is not None:
                raise ValueError("The `http_client` argument is mutually exclusive with `transport`")
    
        if proxies is not None:
            warnings.warn(
                "The `proxies` argument is deprecated. The `http_client` argument should be passed instead",
                category=DeprecationWarning,
                stacklevel=3,
            )
            if http_client is not None:
                raise ValueError("The `http_client` argument is mutually exclusive with `proxies`")
    
        if not is_given(timeout):
            # if the user passed in a custom http client with a non-default
            # timeout set then we use that timeout.
            #
            # note: there is an edge case here where the user passes in a client
            # where they've explicitly set the timeout to match the default timeout
            # as this check is structural, meaning that we'll think they didn't
            # pass in a timeout and will ignore it
            if http_client and http_client.timeout != HTTPX_DEFAULT_TIMEOUT:
                timeout = http_client.timeout
            else:
                timeout = DEFAULT_TIMEOUT
    
        if http_client is not None and not isinstance(http_client, httpx.Client):  # pyright: ignore[reportUnnecessaryIsInstance]
            raise TypeError(
                f"Invalid `http_client` argument; Expected an instance of `httpx.Client` but got {type(http_client)}"
            )
    
        super().__init__(
            version=version,
            limits=limits,
            # cast to a valid type because mypy doesn't understand our type narrowing
            timeout=cast(Timeout, timeout),
            proxies=proxies,
            base_url=base_url,
            transport=transport,
            max_retries=max_retries,
            custom_query=custom_query,
            custom_headers=custom_headers,
            _strict_response_validation=_strict_response_validation,
        )
>       self._client = http_client or SyncHttpxClientWrapper(
            base_url=base_url,
            # cast to a valid type because mypy doesn't understand our type narrowing
            timeout=cast(Timeout, timeout),
            proxies=proxies,
            transport=transport,
            limits=limits,
            follow_redirects=True,
        )

venv\Lib\site-packages\groq\_base_client.py:824: 
_ _ _ _ _ _ _ _ _ _ _ _ _ _ _ _ _ _ _ _ _ _ _ _ _ _ _ _ _ _ _ _ _ _ _ _ _ _ _ _

self = <groq._base_client.SyncHttpxClientWrapper object at 0x00000161AD5F5090>
kwargs = {'base_url': 'https://api.groq.com', 'follow_redirects': True, 'limits': Limits(max_connections=100, max_keepalive_connections=20, keepalive_expiry=5.0), 'proxies': None, ...}

    def __init__(self, **kwargs: Any) -> None:
        kwargs.setdefault("timeout", DEFAULT_TIMEOUT)
        kwargs.setdefault("limits", DEFAULT_CONNECTION_LIMITS)
        kwargs.setdefault("follow_redirects", True)
>       super().__init__(**kwargs)
E       TypeError: Client.__init__() got an unexpected keyword argument 'proxies'

venv\Lib\site-packages\groq\_base_client.py:722: TypeError
________ TestFinancialAgentIntegration.test_conversation_history_grows ________

self = <test_financial_agent.TestFinancialAgentIntegration object at 0x00000161AD372EA0>
mock_save = <MagicMock name='save_message' id='1519029792656'>
mock_load = <MagicMock name='load_chat_history' id='1519029793328'>
sample_stock_data = StockData(ticker='AAPL', prices=                  Open        High         Low       Close    Volume
2024-01-01  179.9...ish', sentiment_score=0.8, impact='high', url='', summary='')], current_price=176.57402877116343, price_change_pct=1.5)

    @patch("agents.financial_agent.load_chat_history", return_value=[])
    @patch("agents.financial_agent.save_message")
    def test_conversation_history_grows(self, mock_save, mock_load, sample_stock_data):
>       agent = FinancialAgent(api_key="test-key", session_id="test-session-123")

tests\test_financial_agent.py:380: 
_ _ _ _ _ _ _ _ _ _ _ _ _ _ _ _ _ _ _ _ _ _ _ _ _ _ _ _ _ _ _ _ _ _ _ _ _ _ _ _

self = <agents.financial_agent.FinancialAgent object at 0x00000161AD5F5590>
api_key = 'test-key', session_id = 'test-session-123'
model = 'llama-3.3-70b-versatile'

    def __init__(self, api_key: str, session_id: str, model: str = "llama-3.3-70b-versatile"):
>       self.client     = Groq(api_key=api_key)

agents\financial_agent.py:197: 
_ _ _ _ _ _ _ _ _ _ _ _ _ _ _ _ _ _ _ _ _ _ _ _ _ _ _ _ _ _ _ _ _ _ _ _ _ _ _ _

self = <groq.Groq object at 0x00000161AD5F56D0>

    def __init__(
        self,
        *,
        api_key: str | None = None,
        base_url: str | httpx.URL | None = None,
        timeout: Union[float, Timeout, None, NotGiven] = NOT_GIVEN,
        max_retries: int = DEFAULT_MAX_RETRIES,
        default_headers: Mapping[str, str] | None = None,
        default_query: Mapping[str, object] | None = None,
        # Configure a custom httpx client.
        # We provide a `DefaultHttpxClient` class that you can pass to retain the default values we use for `limits`, `timeout` & `follow_redirects`.
        # See the [httpx documentation](https://www.python-httpx.org/api/#client) for more details.
        http_client: httpx.Client | None = None,
        # Enable or disable schema validation for data returned by the API.
        # When enabled an error APIResponseValidationError is raised
        # if the API responds with invalid data for the expected schema.
        #
        # This parameter may be removed or changed in the future.
        # If you rely on this feature, please open a GitHub issue
        # outlining your use-case to help us decide if it should be
        # part of our public interface in the future.
        _strict_response_validation: bool = False,
    ) -> None:
        """Construct a new synchronous groq client instance.
    
        This automatically infers the `api_key` argument from the `GROQ_API_KEY` environment variable if it is not provided.
        """
        if api_key is None:
            api_key = os.environ.get("GROQ_API_KEY")
        if api_key is None:
            raise GroqError(
                "The api_key client option must be set either by passing api_key to the client or by setting the GROQ_API_KEY environment variable"
            )
        self.api_key = api_key
    
        if base_url is None:
            base_url = os.environ.get("GROQ_BASE_URL")
        if base_url is None:
            base_url = f"https://api.groq.com"
    
>       super().__init__(
            version=__version__,
            base_url=base_url,
            max_retries=max_retries,
            timeout=timeout,
            http_client=http_client,
            custom_headers=default_headers,
            custom_query=default_query,
            _strict_response_validation=_strict_response_validation,
        )

venv\Lib\site-packages\groq\_client.py:99: 
_ _ _ _ _ _ _ _ _ _ _ _ _ _ _ _ _ _ _ _ _ _ _ _ _ _ _ _ _ _ _ _ _ _ _ _ _ _ _ _

self = <groq.Groq object at 0x00000161AD5F56D0>

    def __init__(
        self,
        *,
        version: str,
        base_url: str | URL,
        max_retries: int = DEFAULT_MAX_RETRIES,
        timeout: float | Timeout | None | NotGiven = NOT_GIVEN,
        transport: Transport | None = None,
        proxies: ProxiesTypes | None = None,
        limits: Limits | None = None,
        http_client: httpx.Client | None = None,
        custom_headers: Mapping[str, str] | None = None,
        custom_query: Mapping[str, object] | None = None,
        _strict_response_validation: bool,
    ) -> None:
        if limits is not None:
            warnings.warn(
                "The `connection_pool_limits` argument is deprecated. The `http_client` argument should be passed instead",
                category=DeprecationWarning,
                stacklevel=3,
            )
            if http_client is not None:
                raise ValueError("The `http_client` argument is mutually exclusive with `connection_pool_limits`")
        else:
            limits = DEFAULT_CONNECTION_LIMITS
    
        if transport is not None:
            warnings.warn(
                "The `transport` argument is deprecated. The `http_client` argument should be passed instead",
                category=DeprecationWarning,
                stacklevel=3,
            )
            if http_client is not None:
                raise ValueError("The `http_client` argument is mutually exclusive with `transport`")
    
        if proxies is not None:
            warnings.warn(
                "The `proxies` argument is deprecated. The `http_client` argument should be passed instead",
                category=DeprecationWarning,
                stacklevel=3,
            )
            if http_client is not None:
                raise ValueError("The `http_client` argument is mutually exclusive with `proxies`")
    
        if not is_given(timeout):
            # if the user passed in a custom http client with a non-default
            # timeout set then we use that timeout.
            #
            # note: there is an edge case here where the user passes in a client
            # where they've explicitly set the timeout to match the default timeout
            # as this check is structural, meaning that we'll think they didn't
            # pass in a timeout and will ignore it
            if http_client and http_client.timeout != HTTPX_DEFAULT_TIMEOUT:
                timeout = http_client.timeout
            else:
                timeout = DEFAULT_TIMEOUT
    
        if http_client is not None and not isinstance(http_client, httpx.Client):  # pyright: ignore[reportUnnecessaryIsInstance]
            raise TypeError(
                f"Invalid `http_client` argument; Expected an instance of `httpx.Client` but got {type(http_client)}"
            )
    
        super().__init__(
            version=version,
            limits=limits,
            # cast to a valid type because mypy doesn't understand our type narrowing
            timeout=cast(Timeout, timeout),
            proxies=proxies,
            base_url=base_url,
            transport=transport,
            max_retries=max_retries,
            custom_query=custom_query,
            custom_headers=custom_headers,
            _strict_response_validation=_strict_response_validation,
        )
>       self._client = http_client or SyncHttpxClientWrapper(
            base_url=base_url,
            # cast to a valid type because mypy doesn't understand our type narrowing
            timeout=cast(Timeout, timeout),
            proxies=proxies,
            transport=transport,
            limits=limits,
            follow_redirects=True,
        )

venv\Lib\site-packages\groq\_base_client.py:824: 
_ _ _ _ _ _ _ _ _ _ _ _ _ _ _ _ _ _ _ _ _ _ _ _ _ _ _ _ _ _ _ _ _ _ _ _ _ _ _ _

self = <groq._base_client.SyncHttpxClientWrapper object at 0x00000161AD5F5810>
kwargs = {'base_url': 'https://api.groq.com', 'follow_redirects': True, 'limits': Limits(max_connections=100, max_keepalive_connections=20, keepalive_expiry=5.0), 'proxies': None, ...}

    def __init__(self, **kwargs: Any) -> None:
        kwargs.setdefault("timeout", DEFAULT_TIMEOUT)
        kwargs.setdefault("limits", DEFAULT_CONNECTION_LIMITS)
        kwargs.setdefault("follow_redirects", True)
>       super().__init__(**kwargs)
E       TypeError: Client.__init__() got an unexpected keyword argument 'proxies'

venv\Lib\site-packages\groq\_base_client.py:722: TypeError
___________ TestFinancialAgentIntegration.test_reset_clears_history ___________

self = <test_financial_agent.TestFinancialAgentIntegration object at 0x00000161AD372D70>
mock_clear = <MagicMock name='clear_chat_history' id='1518949796896'>
mock_save = <MagicMock name='save_message' id='1519029795344'>
mock_load = <MagicMock name='load_chat_history' id='1519029796352'>
sample_stock_data = StockData(ticker='AAPL', prices=                  Open        High         Low       Close    Volume
2024-01-01  179.9...ish', sentiment_score=0.8, impact='high', url='', summary='')], current_price=176.57402877116343, price_change_pct=1.5)

    @patch("agents.financial_agent.load_chat_history", return_value=[])
    @patch("agents.financial_agent.save_message")
    @patch("agents.financial_agent.clear_chat_history")
    def test_reset_clears_history(self, mock_clear, mock_save, mock_load, sample_stock_data):
>       agent = FinancialAgent(api_key="test-key", session_id="test-session-123")

tests\test_financial_agent.py:394: 
_ _ _ _ _ _ _ _ _ _ _ _ _ _ _ _ _ _ _ _ _ _ _ _ _ _ _ _ _ _ _ _ _ _ _ _ _ _ _ _

self = <agents.financial_agent.FinancialAgent object at 0x00000161AD371CD0>
api_key = 'test-key', session_id = 'test-session-123'
model = 'llama-3.3-70b-versatile'

    def __init__(self, api_key: str, session_id: str, model: str = "llama-3.3-70b-versatile"):
>       self.client     = Groq(api_key=api_key)

agents\financial_agent.py:197: 
_ _ _ _ _ _ _ _ _ _ _ _ _ _ _ _ _ _ _ _ _ _ _ _ _ _ _ _ _ _ _ _ _ _ _ _ _ _ _ _

self = <groq.Groq object at 0x00000161AD7409D0>

    def __init__(
        self,
        *,
        api_key: str | None = None,
        base_url: str | httpx.URL | None = None,
        timeout: Union[float, Timeout, None, NotGiven] = NOT_GIVEN,
        max_retries: int = DEFAULT_MAX_RETRIES,
        default_headers: Mapping[str, str] | None = None,
        default_query: Mapping[str, object] | None = None,
        # Configure a custom httpx client.
        # We provide a `DefaultHttpxClient` class that you can pass to retain the default values we use for `limits`, `timeout` & `follow_redirects`.
        # See the [httpx documentation](https://www.python-httpx.org/api/#client) for more details.
        http_client: httpx.Client | None = None,
        # Enable or disable schema validation for data returned by the API.
        # When enabled an error APIResponseValidationError is raised
        # if the API responds with invalid data for the expected schema.
        #
        # This parameter may be removed or changed in the future.
        # If you rely on this feature, please open a GitHub issue
        # outlining your use-case to help us decide if it should be
        # part of our public interface in the future.
        _strict_response_validation: bool = False,
    ) -> None:
        """Construct a new synchronous groq client instance.
    
        This automatically infers the `api_key` argument from the `GROQ_API_KEY` environment variable if it is not provided.
        """
        if api_key is None:
            api_key = os.environ.get("GROQ_API_KEY")
        if api_key is None:
            raise GroqError(
                "The api_key client option must be set either by passing api_key to the client or by setting the GROQ_API_KEY environment variable"
            )
        self.api_key = api_key
    
        if base_url is None:
            base_url = os.environ.get("GROQ_BASE_URL")
        if base_url is None:
            base_url = f"https://api.groq.com"
    
>       super().__init__(
            version=__version__,
            base_url=base_url,
            max_retries=max_retries,
            timeout=timeout,
            http_client=http_client,
            custom_headers=default_headers,
            custom_query=default_query,
            _strict_response_validation=_strict_response_validation,
        )

venv\Lib\site-packages\groq\_client.py:99: 
_ _ _ _ _ _ _ _ _ _ _ _ _ _ _ _ _ _ _ _ _ _ _ _ _ _ _ _ _ _ _ _ _ _ _ _ _ _ _ _

self = <groq.Groq object at 0x00000161AD7409D0>

    def __init__(
        self,
        *,
        version: str,
        base_url: str | URL,
        max_retries: int = DEFAULT_MAX_RETRIES,
        timeout: float | Timeout | None | NotGiven = NOT_GIVEN,
        transport: Transport | None = None,
        proxies: ProxiesTypes | None = None,
        limits: Limits | None = None,
        http_client: httpx.Client | None = None,
        custom_headers: Mapping[str, str] | None = None,
        custom_query: Mapping[str, object] | None = None,
        _strict_response_validation: bool,
    ) -> None:
        if limits is not None:
            warnings.warn(
                "The `connection_pool_limits` argument is deprecated. The `http_client` argument should be passed instead",
                category=DeprecationWarning,
                stacklevel=3,
            )
            if http_client is not None:
                raise ValueError("The `http_client` argument is mutually exclusive with `connection_pool_limits`")
        else:
            limits = DEFAULT_CONNECTION_LIMITS
    
        if transport is not None:
            warnings.warn(
                "The `transport` argument is deprecated. The `http_client` argument should be passed instead",
                category=DeprecationWarning,
                stacklevel=3,
            )
            if http_client is not None:
                raise ValueError("The `http_client` argument is mutually exclusive with `transport`")
    
        if proxies is not None:
            warnings.warn(
                "The `proxies` argument is deprecated. The `http_client` argument should be passed instead",
                category=DeprecationWarning,
                stacklevel=3,
            )
            if http_client is not None:
                raise ValueError("The `http_client` argument is mutually exclusive with `proxies`")
    
        if not is_given(timeout):
            # if the user passed in a custom http client with a non-default
            # timeout set then we use that timeout.
            #
            # note: there is an edge case here where the user passes in a client
            # where they've explicitly set the timeout to match the default timeout
            # as this check is structural, meaning that we'll think they didn't
            # pass in a timeout and will ignore it
            if http_client and http_client.timeout != HTTPX_DEFAULT_TIMEOUT:
                timeout = http_client.timeout
            else:
                timeout = DEFAULT_TIMEOUT
    
        if http_client is not None and not isinstance(http_client, httpx.Client):  # pyright: ignore[reportUnnecessaryIsInstance]
            raise TypeError(
                f"Invalid `http_client` argument; Expected an instance of `httpx.Client` but got {type(http_client)}"
            )
    
        super().__init__(
            version=version,
            limits=limits,
            # cast to a valid type because mypy doesn't understand our type narrowing
            timeout=cast(Timeout, timeout),
            proxies=proxies,
            base_url=base_url,
            transport=transport,
            max_retries=max_retries,
            custom_query=custom_query,
            custom_headers=custom_headers,
            _strict_response_validation=_strict_response_validation,
        )
>       self._client = http_client or SyncHttpxClientWrapper(
            base_url=base_url,
            # cast to a valid type because mypy doesn't understand our type narrowing
            timeout=cast(Timeout, timeout),
            proxies=proxies,
            transport=transport,
            limits=limits,
            follow_redirects=True,
        )

venv\Lib\site-packages\groq\_base_client.py:824: 
_ _ _ _ _ _ _ _ _ _ _ _ _ _ _ _ _ _ _ _ _ _ _ _ _ _ _ _ _ _ _ _ _ _ _ _ _ _ _ _

self = <groq._base_client.SyncHttpxClientWrapper object at 0x00000161AD7408A0>
kwargs = {'base_url': 'https://api.groq.com', 'follow_redirects': True, 'limits': Limits(max_connections=100, max_keepalive_connections=20, keepalive_expiry=5.0), 'proxies': None, ...}

    def __init__(self, **kwargs: Any) -> None:
        kwargs.setdefault("timeout", DEFAULT_TIMEOUT)
        kwargs.setdefault("limits", DEFAULT_CONNECTION_LIMITS)
        kwargs.setdefault("follow_redirects", True)
>       super().__init__(**kwargs)
E       TypeError: Client.__init__() got an unexpected keyword argument 'proxies'

venv\Lib\site-packages\groq\_base_client.py:722: TypeError
______ TestFinancialAgentIntegration.test_no_stock_data_returns_message _______

self = <test_financial_agent.TestFinancialAgentIntegration object at 0x00000161AD48F770>
mock_load = <MagicMock name='load_chat_history' id='1519029789968'>

    @patch("agents.financial_agent.load_chat_history", return_value=[])
    def test_no_stock_data_returns_message(self, mock_load):
>       agent = FinancialAgent(api_key="test-key", session_id="test-session-123")

tests\test_financial_agent.py:406: 
_ _ _ _ _ _ _ _ _ _ _ _ _ _ _ _ _ _ _ _ _ _ _ _ _ _ _ _ _ _ _ _ _ _ _ _ _ _ _ _

self = <agents.financial_agent.FinancialAgent object at 0x00000161AD741220>
api_key = 'test-key', session_id = 'test-session-123'
model = 'llama-3.3-70b-versatile'

    def __init__(self, api_key: str, session_id: str, model: str = "llama-3.3-70b-versatile"):
>       self.client     = Groq(api_key=api_key)

agents\financial_agent.py:197: 
_ _ _ _ _ _ _ _ _ _ _ _ _ _ _ _ _ _ _ _ _ _ _ _ _ _ _ _ _ _ _ _ _ _ _ _ _ _ _ _

self = <groq.Groq object at 0x00000161AD740510>

    def __init__(
        self,
        *,
        api_key: str | None = None,
        base_url: str | httpx.URL | None = None,
        timeout: Union[float, Timeout, None, NotGiven] = NOT_GIVEN,
        max_retries: int = DEFAULT_MAX_RETRIES,
        default_headers: Mapping[str, str] | None = None,
        default_query: Mapping[str, object] | None = None,
        # Configure a custom httpx client.
        # We provide a `DefaultHttpxClient` class that you can pass to retain the default values we use for `limits`, `timeout` & `follow_redirects`.
        # See the [httpx documentation](https://www.python-httpx.org/api/#client) for more details.
        http_client: httpx.Client | None = None,
        # Enable or disable schema validation for data returned by the API.
        # When enabled an error APIResponseValidationError is raised
        # if the API responds with invalid data for the expected schema.
        #
        # This parameter may be removed or changed in the future.
        # If you rely on this feature, please open a GitHub issue
        # outlining your use-case to help us decide if it should be
        # part of our public interface in the future.
        _strict_response_validation: bool = False,
    ) -> None:
        """Construct a new synchronous groq client instance.
    
        This automatically infers the `api_key` argument from the `GROQ_API_KEY` environment variable if it is not provided.
        """
        if api_key is None:
            api_key = os.environ.get("GROQ_API_KEY")
        if api_key is None:
            raise GroqError(
                "The api_key client option must be set either by passing api_key to the client or by setting the GROQ_API_KEY environment variable"
            )
        self.api_key = api_key
    
        if base_url is None:
            base_url = os.environ.get("GROQ_BASE_URL")
        if base_url is None:
            base_url = f"https://api.groq.com"
    
>       super().__init__(
            version=__version__,
            base_url=base_url,
            max_retries=max_retries,
            timeout=timeout,
            http_client=http_client,
            custom_headers=default_headers,
            custom_query=default_query,
            _strict_response_validation=_strict_response_validation,
        )

venv\Lib\site-packages\groq\_client.py:99: 
_ _ _ _ _ _ _ _ _ _ _ _ _ _ _ _ _ _ _ _ _ _ _ _ _ _ _ _ _ _ _ _ _ _ _ _ _ _ _ _

self = <groq.Groq object at 0x00000161AD740510>

    def __init__(
        self,
        *,
        version: str,
        base_url: str | URL,
        max_retries: int = DEFAULT_MAX_RETRIES,
        timeout: float | Timeout | None | NotGiven = NOT_GIVEN,
        transport: Transport | None = None,
        proxies: ProxiesTypes | None = None,
        limits: Limits | None = None,
        http_client: httpx.Client | None = None,
        custom_headers: Mapping[str, str] | None = None,
        custom_query: Mapping[str, object] | None = None,
        _strict_response_validation: bool,
    ) -> None:
        if limits is not None:
            warnings.warn(
                "The `connection_pool_limits` argument is deprecated. The `http_client` argument should be passed instead",
                category=DeprecationWarning,
                stacklevel=3,
            )
            if http_client is not None:
                raise ValueError("The `http_client` argument is mutually exclusive with `connection_pool_limits`")
        else:
            limits = DEFAULT_CONNECTION_LIMITS
    
        if transport is not None:
            warnings.warn(
                "The `transport` argument is deprecated. The `http_client` argument should be passed instead",
                category=DeprecationWarning,
                stacklevel=3,
            )
            if http_client is not None:
                raise ValueError("The `http_client` argument is mutually exclusive with `transport`")
    
        if proxies is not None:
            warnings.warn(
                "The `proxies` argument is deprecated. The `http_client` argument should be passed instead",
                category=DeprecationWarning,
                stacklevel=3,
            )
            if http_client is not None:
                raise ValueError("The `http_client` argument is mutually exclusive with `proxies`")
    
        if not is_given(timeout):
            # if the user passed in a custom http client with a non-default
            # timeout set then we use that timeout.
            #
            # note: there is an edge case here where the user passes in a client
            # where they've explicitly set the timeout to match the default timeout
            # as this check is structural, meaning that we'll think they didn't
            # pass in a timeout and will ignore it
            if http_client and http_client.timeout != HTTPX_DEFAULT_TIMEOUT:
                timeout = http_client.timeout
            else:
                timeout = DEFAULT_TIMEOUT
    
        if http_client is not None and not isinstance(http_client, httpx.Client):  # pyright: ignore[reportUnnecessaryIsInstance]
            raise TypeError(
                f"Invalid `http_client` argument; Expected an instance of `httpx.Client` but got {type(http_client)}"
            )
    
        super().__init__(
            version=version,
            limits=limits,
            # cast to a valid type because mypy doesn't understand our type narrowing
            timeout=cast(Timeout, timeout),
            proxies=proxies,
            base_url=base_url,
            transport=transport,
            max_retries=max_retries,
            custom_query=custom_query,
            custom_headers=custom_headers,
            _strict_response_validation=_strict_response_validation,
        )
>       self._client = http_client or SyncHttpxClientWrapper(
            base_url=base_url,
            # cast to a valid type because mypy doesn't understand our type narrowing
            timeout=cast(Timeout, timeout),
            proxies=proxies,
            transport=transport,
            limits=limits,
            follow_redirects=True,
        )

venv\Lib\site-packages\groq\_base_client.py:824: 
_ _ _ _ _ _ _ _ _ _ _ _ _ _ _ _ _ _ _ _ _ _ _ _ _ _ _ _ _ _ _ _ _ _ _ _ _ _ _ _

self = <groq._base_client.SyncHttpxClientWrapper object at 0x00000161AD7410F0>
kwargs = {'base_url': 'https://api.groq.com', 'follow_redirects': True, 'limits': Limits(max_connections=100, max_keepalive_connections=20, keepalive_expiry=5.0), 'proxies': None, ...}

    def __init__(self, **kwargs: Any) -> None:
        kwargs.setdefault("timeout", DEFAULT_TIMEOUT)
        kwargs.setdefault("limits", DEFAULT_CONNECTION_LIMITS)
        kwargs.setdefault("follow_redirects", True)
>       super().__init__(**kwargs)
E       TypeError: Client.__init__() got an unexpected keyword argument 'proxies'

venv\Lib\site-packages\groq\_base_client.py:722: TypeError
___________ TestQualityAssurance.test_agent_system_prompt_not_empty ___________

self = <test_financial_agent.TestQualityAssurance object at 0x00000161AD44D370>
mock_load = <MagicMock name='load_chat_history' id='1519029791984'>

    @patch("agents.financial_agent.load_chat_history", return_value=[])
    def test_agent_system_prompt_not_empty(self, mock_load):
>       agent = FinancialAgent(api_key="test-key", session_id="test-session-123")

tests\test_financial_agent.py:488: 
_ _ _ _ _ _ _ _ _ _ _ _ _ _ _ _ _ _ _ _ _ _ _ _ _ _ _ _ _ _ _ _ _ _ _ _ _ _ _ _

self = <agents.financial_agent.FinancialAgent object at 0x00000161AD48F2F0>
api_key = 'test-key', session_id = 'test-session-123'
model = 'llama-3.3-70b-versatile'

    def __init__(self, api_key: str, session_id: str, model: str = "llama-3.3-70b-versatile"):
>       self.client     = Groq(api_key=api_key)

agents\financial_agent.py:197: 
_ _ _ _ _ _ _ _ _ _ _ _ _ _ _ _ _ _ _ _ _ _ _ _ _ _ _ _ _ _ _ _ _ _ _ _ _ _ _ _

self = <groq.Groq object at 0x00000161AD48C710>

    def __init__(
        self,
        *,
        api_key: str | None = None,
        base_url: str | httpx.URL | None = None,
        timeout: Union[float, Timeout, None, NotGiven] = NOT_GIVEN,
        max_retries: int = DEFAULT_MAX_RETRIES,
        default_headers: Mapping[str, str] | None = None,
        default_query: Mapping[str, object] | None = None,
        # Configure a custom httpx client.
        # We provide a `DefaultHttpxClient` class that you can pass to retain the default values we use for `limits`, `timeout` & `follow_redirects`.
        # See the [httpx documentation](https://www.python-httpx.org/api/#client) for more details.
        http_client: httpx.Client | None = None,
        # Enable or disable schema validation for data returned by the API.
        # When enabled an error APIResponseValidationError is raised
        # if the API responds with invalid data for the expected schema.
        #
        # This parameter may be removed or changed in the future.
        # If you rely on this feature, please open a GitHub issue
        # outlining your use-case to help us decide if it should be
        # part of our public interface in the future.
        _strict_response_validation: bool = False,
    ) -> None:
        """Construct a new synchronous groq client instance.
    
        This automatically infers the `api_key` argument from the `GROQ_API_KEY` environment variable if it is not provided.
        """
        if api_key is None:
            api_key = os.environ.get("GROQ_API_KEY")
        if api_key is None:
            raise GroqError(
                "The api_key client option must be set either by passing api_key to the client or by setting the GROQ_API_KEY environment variable"
            )
        self.api_key = api_key
    
        if base_url is None:
            base_url = os.environ.get("GROQ_BASE_URL")
        if base_url is None:
            base_url = f"https://api.groq.com"
    
>       super().__init__(
            version=__version__,
            base_url=base_url,
            max_retries=max_retries,
            timeout=timeout,
            http_client=http_client,
            custom_headers=default_headers,
            custom_query=default_query,
            _strict_response_validation=_strict_response_validation,
        )

venv\Lib\site-packages\groq\_client.py:99: 
_ _ _ _ _ _ _ _ _ _ _ _ _ _ _ _ _ _ _ _ _ _ _ _ _ _ _ _ _ _ _ _ _ _ _ _ _ _ _ _

self = <groq.Groq object at 0x00000161AD48C710>

    def __init__(
        self,
        *,
        version: str,
        base_url: str | URL,
        max_retries: int = DEFAULT_MAX_RETRIES,
        timeout: float | Timeout | None | NotGiven = NOT_GIVEN,
        transport: Transport | None = None,
        proxies: ProxiesTypes | None = None,
        limits: Limits | None = None,
        http_client: httpx.Client | None = None,
        custom_headers: Mapping[str, str] | None = None,
        custom_query: Mapping[str, object] | None = None,
        _strict_response_validation: bool,
    ) -> None:
        if limits is not None:
            warnings.warn(
                "The `connection_pool_limits` argument is deprecated. The `http_client` argument should be passed instead",
                category=DeprecationWarning,
                stacklevel=3,
            )
            if http_client is not None:
                raise ValueError("The `http_client` argument is mutually exclusive with `connection_pool_limits`")
        else:
            limits = DEFAULT_CONNECTION_LIMITS
    
        if transport is not None:
            warnings.warn(
                "The `transport` argument is deprecated. The `http_client` argument should be passed instead",
                category=DeprecationWarning,
                stacklevel=3,
            )
            if http_client is not None:
                raise ValueError("The `http_client` argument is mutually exclusive with `transport`")
    
        if proxies is not None:
            warnings.warn(
                "The `proxies` argument is deprecated. The `http_client` argument should be passed instead",
                category=DeprecationWarning,
                stacklevel=3,
            )
            if http_client is not None:
                raise ValueError("The `http_client` argument is mutually exclusive with `proxies`")
    
        if not is_given(timeout):
            # if the user passed in a custom http client with a non-default
            # timeout set then we use that timeout.
            #
            # note: there is an edge case here where the user passes in a client
            # where they've explicitly set the timeout to match the default timeout
            # as this check is structural, meaning that we'll think they didn't
            # pass in a timeout and will ignore it
            if http_client and http_client.timeout != HTTPX_DEFAULT_TIMEOUT:
                timeout = http_client.timeout
            else:
                timeout = DEFAULT_TIMEOUT
    
        if http_client is not None and not isinstance(http_client, httpx.Client):  # pyright: ignore[reportUnnecessaryIsInstance]
            raise TypeError(
                f"Invalid `http_client` argument; Expected an instance of `httpx.Client` but got {type(http_client)}"
            )
    
        super().__init__(
            version=version,
            limits=limits,
            # cast to a valid type because mypy doesn't understand our type narrowing
            timeout=cast(Timeout, timeout),
            proxies=proxies,
            base_url=base_url,
            transport=transport,
            max_retries=max_retries,
            custom_query=custom_query,
            custom_headers=custom_headers,
            _strict_response_validation=_strict_response_validation,
        )
>       self._client = http_client or SyncHttpxClientWrapper(
            base_url=base_url,
            # cast to a valid type because mypy doesn't understand our type narrowing
            timeout=cast(Timeout, timeout),
            proxies=proxies,
            transport=transport,
            limits=limits,
            follow_redirects=True,
        )

venv\Lib\site-packages\groq\_base_client.py:824: 
_ _ _ _ _ _ _ _ _ _ _ _ _ _ _ _ _ _ _ _ _ _ _ _ _ _ _ _ _ _ _ _ _ _ _ _ _ _ _ _

self = <groq._base_client.SyncHttpxClientWrapper object at 0x00000161AD48EC30>
kwargs = {'base_url': 'https://api.groq.com', 'follow_redirects': True, 'limits': Limits(max_connections=100, max_keepalive_connections=20, keepalive_expiry=5.0), 'proxies': None, ...}

    def __init__(self, **kwargs: Any) -> None:
        kwargs.setdefault("timeout", DEFAULT_TIMEOUT)
        kwargs.setdefault("limits", DEFAULT_CONNECTION_LIMITS)
        kwargs.setdefault("follow_redirects", True)
>       super().__init__(**kwargs)
E       TypeError: Client.__init__() got an unexpected keyword argument 'proxies'

venv\Lib\site-packages\groq\_base_client.py:722: TypeError
=========================== short test summary info ===========================
FAILED tests/test_financial_agent.py::TestFilterNews::test_empty_category_list_returns_nothing
FAILED tests/test_financial_agent.py::TestGetRangeNews::test_within_range - A...
FAILED tests/test_financial_agent.py::TestFinancialAgentIntegration::test_agent_responds_without_tool
FAILED tests/test_financial_agent.py::TestFinancialAgentIntegration::test_agent_executes_tool_then_responds
FAILED tests/test_financial_agent.py::TestFinancialAgentIntegration::test_conversation_history_grows
FAILED tests/test_financial_agent.py::TestFinancialAgentIntegration::test_reset_clears_history
FAILED tests/test_financial_agent.py::TestFinancialAgentIntegration::test_no_stock_data_returns_message
FAILED tests/test_financial_agent.py::TestQualityAssurance::test_agent_system_prompt_not_empty
======================== 8 failed, 41 passed in 2.82s =========================
